
The following have been reloaded with a version change:
  1) GCCcore/13.2.0 => GCCcore/15.2.0


The following have been reloaded with a version change:
  1) GCCcore/15.2.0 => GCCcore/13.2.0
  2) OpenSSL/3 => OpenSSL/1.1
  3) XZ/5.8.2-GCCcore-15.2.0 => XZ/5.4.4-GCCcore-13.2.0
  4) bzip2/1.0.8-GCCcore-15.2.0 => bzip2/1.0.8-GCCcore-13.2.0
  5) ncurses/6.6-GCCcore-15.2.0 => ncurses/6.4-GCCcore-13.2.0
  6) zlib/2.3.2-GCCcore-15.2.0 => zlib/1.2.13-GCCcore-13.2.0

/projects/F202500010HPCVLABUMINHO/uminhocp057/ADED/ADED_project2/scripts/analyze_results.py:211: MatplotlibDeprecationWarning: The 'labels' parameter of boxplot() has been renamed 'tick_labels' since Matplotlib 3.9; support for the old name will be dropped in 3.11.
  bp = ax2.boxplot(box_data, labels=box_labels, patch_artist=True,
/projects/F202500010HPCVLABUMINHO/uminhocp057/ADED/ADED_project2/scripts/analyze_results.py:211: MatplotlibDeprecationWarning: The 'labels' parameter of boxplot() has been renamed 'tick_labels' since Matplotlib 3.9; support for the old name will be dropped in 3.11.
  bp = ax2.boxplot(box_data, labels=box_labels, patch_artist=True,
/projects/F202500010HPCVLABUMINHO/uminhocp057/ADED/ADED_project2/scripts/analyze_results.py:211: MatplotlibDeprecationWarning: The 'labels' parameter of boxplot() has been renamed 'tick_labels' since Matplotlib 3.9; support for the old name will be dropped in 3.11.
  bp = ax2.boxplot(box_data, labels=box_labels, patch_artist=True,
/projects/F202500010HPCVLABUMINHO/uminhocp057/ADED/ADED_project2/scripts/analyze_results.py:211: MatplotlibDeprecationWarning: The 'labels' parameter of boxplot() has been renamed 'tick_labels' since Matplotlib 3.9; support for the old name will be dropped in 3.11.
  bp = ax2.boxplot(box_data, labels=box_labels, patch_artist=True,
/projects/F202500010HPCVLABUMINHO/uminhocp057/ADED/ADED_project2/scripts/analyze_results.py:211: MatplotlibDeprecationWarning: The 'labels' parameter of boxplot() has been renamed 'tick_labels' since Matplotlib 3.9; support for the old name will be dropped in 3.11.
  bp = ax2.boxplot(box_data, labels=box_labels, patch_artist=True,
/projects/F202500010HPCVLABUMINHO/uminhocp057/ADED/ADED_project2/scripts/analyze_results.py:211: MatplotlibDeprecationWarning: The 'labels' parameter of boxplot() has been renamed 'tick_labels' since Matplotlib 3.9; support for the old name will be dropped in 3.11.
  bp = ax2.boxplot(box_data, labels=box_labels, patch_artist=True,
/projects/F202500010HPCVLABUMINHO/uminhocp057/ADED/ADED_project2/scripts/analyze_results.py:211: MatplotlibDeprecationWarning: The 'labels' parameter of boxplot() has been renamed 'tick_labels' since Matplotlib 3.9; support for the old name will be dropped in 3.11.
  bp = ax2.boxplot(box_data, labels=box_labels, patch_artist=True,
/projects/F202500010HPCVLABUMINHO/uminhocp057/ADED/ADED_project2/scripts/analyze_results.py:211: MatplotlibDeprecationWarning: The 'labels' parameter of boxplot() has been renamed 'tick_labels' since Matplotlib 3.9; support for the old name will be dropped in 3.11.
  bp = ax2.boxplot(box_data, labels=box_labels, patch_artist=True,
