2026-05-13 02:05:45,899 - INFO - Logging to: /projects/F202500010HPCVLABUMINHO/uminhocp057/ADED/ADED_project2/logs/benchmark_tinyllama-1.1b_20260513_020545.log
2026-05-13 02:05:45,901 - INFO - Project root: /projects/F202500010HPCVLABUMINHO/uminhocp057/ADED/ADED_project2
2026-05-13 02:05:45,902 - INFO - Model: tinyllama-1.1b
2026-05-13 02:05:45,902 - INFO - Threads: 32
2026-05-13 02:05:45,902 - INFO - Loaded 30 prompts
2026-05-13 02:05:49,336 - INFO - Checking server health at http://localhost:8080/health...
2026-05-13 02:05:49,351 - INFO - ✓ Server is healthy and ready
2026-05-13 02:05:49,351 - INFO - Running warmup...
2026-05-13 02:05:49,351 - INFO - Warmup 1/3
2026-05-13 02:05:50,251 - INFO - ✓ warmup_0: TTFT=94.59ms, TPOT=16.85ms, Tokens=28
2026-05-13 02:05:50,552 - INFO - Warmup 2/3
2026-05-13 02:05:50,933 - INFO - ✓ warmup_1: TTFT=106.61ms, TPOT=0ms, Tokens=1
2026-05-13 02:05:51,234 - INFO - Warmup 3/3
2026-05-13 02:05:52,098 - INFO - ✓ warmup_2: TTFT=105.88ms, TPOT=16.99ms, Tokens=30
2026-05-13 02:05:52,399 - INFO - Warmup complete

2026-05-13 02:05:52,399 - INFO - ============================================================
2026-05-13 02:05:52,399 - INFO - BENCHMARK: tinyllama-1.1b (3 trials)
2026-05-13 02:05:52,400 - INFO - ============================================================

2026-05-13 02:05:52,663 - INFO - Memory before benchmark: 748.6 MB RSS
2026-05-13 02:05:52,663 - INFO - 
--- Trial 1/3 ---
2026-05-13 02:05:53,034 - INFO - ✓ short_baseline_01: TTFT=104.96ms, TPOT=0ms, Tokens=1
2026-05-13 02:05:53,682 - INFO - ✓ short_02: TTFT=84.04ms, TPOT=0ms, Tokens=1
2026-05-13 02:05:56,122 - INFO - ✓ short_03: TTFT=164.95ms, TPOT=17.15ms, Tokens=100
2026-05-13 02:05:58,607 - INFO - ✓ short_04: TTFT=205.96ms, TPOT=17.17ms, Tokens=100
2026-05-13 02:05:59,386 - INFO - ✓ short_05: TTFT=145.31ms, TPOT=0ms, Tokens=1
2026-05-13 02:06:01,840 - INFO - ✓ short_06: TTFT=174.76ms, TPOT=17.15ms, Tokens=100
2026-05-13 02:06:02,522 - INFO - ✓ short_07: TTFT=114.54ms, TPOT=0ms, Tokens=1
2026-05-13 02:06:03,202 - INFO - ✓ short_08: TTFT=112.06ms, TPOT=0ms, Tokens=1
2026-05-13 02:06:03,894 - INFO - ✓ short_09: TTFT=112.39ms, TPOT=0ms, Tokens=1
2026-05-13 02:06:06,337 - INFO - ✓ short_10: TTFT=163.99ms, TPOT=17.15ms, Tokens=100
2026-05-13 02:06:07,141 - INFO - ✓ medium_reasoning_01: TTFT=226.21ms, TPOT=0ms, Tokens=1
2026-05-13 02:06:09,739 - INFO - ✓ medium_02: TTFT=306.16ms, TPOT=17.25ms, Tokens=100
2026-05-13 02:06:11,966 - INFO - ✓ medium_03: TTFT=1185.49ms, TPOT=17.26ms, Tokens=28
2026-05-13 02:06:14,563 - INFO - ✓ medium_04: TTFT=358.42ms, TPOT=17.26ms, Tokens=97
2026-05-13 02:06:15,574 - INFO - ✓ medium_05: TTFT=430.31ms, TPOT=0ms, Tokens=1
2026-05-13 02:06:16,533 - INFO - ✓ medium_06: TTFT=378.69ms, TPOT=0ms, Tokens=1
2026-05-13 02:06:18,230 - INFO - ✓ medium_07: TTFT=563.15ms, TPOT=17.17ms, Tokens=34
2026-05-13 02:06:19,464 - INFO - ✓ medium_08: TTFT=346.06ms, TPOT=17.03ms, Tokens=19
2026-05-13 02:06:22,188 - INFO - ✓ medium_09: TTFT=439.67ms, TPOT=17.31ms, Tokens=100
2026-05-13 02:06:23,228 - INFO - ✓ medium_10: TTFT=460.86ms, TPOT=0ms, Tokens=1
2026-05-13 02:06:26,028 - INFO - ✓ long_context_01: TTFT=2232.06ms, TPOT=0ms, Tokens=1
2026-05-13 02:06:30,337 - INFO - ✓ long_02: TTFT=3267.2ms, TPOT=19.68ms, Tokens=25
2026-05-13 02:06:36,424 - INFO - ✓ long_03: TTFT=4976.42ms, TPOT=19.79ms, Tokens=28
2026-05-13 02:06:42,914 - INFO - ✓ long_04: TTFT=5916.2ms, TPOT=0ms, Tokens=1
2026-05-13 02:06:49,767 - INFO - ✓ long_05: TTFT=5771.56ms, TPOT=19.76ms, Tokens=25
2026-05-13 02:06:56,136 - INFO - ✓ long_06: TTFT=5795.15ms, TPOT=0ms, Tokens=1
2026-05-13 02:07:02,611 - INFO - ✓ long_07: TTFT=5901.63ms, TPOT=0ms, Tokens=1
2026-05-13 02:07:09,638 - INFO - ✓ long_08: TTFT=6454.1ms, TPOT=0ms, Tokens=1
2026-05-13 02:07:16,253 - INFO - ✓ long_09: TTFT=6042.27ms, TPOT=0ms, Tokens=1
2026-05-13 02:07:23,271 - INFO - ✓ long_10: TTFT=6441.73ms, TPOT=0ms, Tokens=1
2026-05-13 02:07:23,581 - INFO - Trial 1 saved to /projects/F202500010HPCVLABUMINHO/uminhocp057/ADED/ADED_project2/results/tinyllama-1.1b/trial_1.json
2026-05-13 02:07:23,582 - INFO - 
--- Trial 2/3 ---
2026-05-13 02:07:24,921 - INFO - ✓ short_baseline_01: TTFT=106.88ms, TPOT=17.01ms, Tokens=58
2026-05-13 02:07:27,267 - INFO - ✓ short_02: TTFT=85.19ms, TPOT=17.12ms, Tokens=100
2026-05-13 02:07:27,997 - INFO - ✓ short_03: TTFT=164.73ms, TPOT=0ms, Tokens=1
2026-05-13 02:07:28,765 - INFO - ✓ short_04: TTFT=205.13ms, TPOT=0ms, Tokens=1
2026-05-13 02:07:30,331 - INFO - ✓ short_05: TTFT=145.27ms, TPOT=17.05ms, Tokens=51
2026-05-13 02:07:31,081 - INFO - ✓ short_06: TTFT=174.25ms, TPOT=0ms, Tokens=1
2026-05-13 02:07:31,769 - INFO - ✓ short_07: TTFT=114.44ms, TPOT=0ms, Tokens=1
2026-05-13 02:07:32,457 - INFO - ✓ short_08: TTFT=112.99ms, TPOT=0ms, Tokens=1
2026-05-13 02:07:33,502 - INFO - ✓ short_09: TTFT=112.98ms, TPOT=17.0ms, Tokens=22
2026-05-13 02:07:34,242 - INFO - ✓ short_10: TTFT=164.61ms, TPOT=0ms, Tokens=1
2026-05-13 02:07:36,732 - INFO - ✓ medium_reasoning_01: TTFT=225.73ms, TPOT=17.16ms, Tokens=100
2026-05-13 02:07:39,315 - INFO - ✓ medium_02: TTFT=308.39ms, TPOT=17.26ms, Tokens=100
2026-05-13 02:07:41,066 - INFO - ✓ medium_03: TTFT=1186.18ms, TPOT=0ms, Tokens=1
2026-05-13 02:07:42,658 - INFO - ✓ medium_04: TTFT=359.19ms, TPOT=17.08ms, Tokens=40
2026-05-13 02:07:43,653 - INFO - ✓ medium_05: TTFT=429.67ms, TPOT=0ms, Tokens=1
2026-05-13 02:07:44,596 - INFO - ✓ medium_06: TTFT=379.6ms, TPOT=0ms, Tokens=1
2026-05-13 02:07:46,616 - INFO - ✓ medium_07: TTFT=563.92ms, TPOT=17.2ms, Tokens=52
2026-05-13 02:07:49,256 - INFO - ✓ medium_08: TTFT=355.77ms, TPOT=17.21ms, Tokens=100
2026-05-13 02:07:50,309 - INFO - ✓ medium_09: TTFT=441.3ms, TPOT=0ms, Tokens=1
2026-05-13 02:07:51,343 - INFO - ✓ medium_10: TTFT=460.73ms, TPOT=0ms, Tokens=1
2026-05-13 02:07:54,152 - INFO - ✓ long_context_01: TTFT=2230.94ms, TPOT=0ms, Tokens=1
2026-05-13 02:07:57,998 - INFO - ✓ long_02: TTFT=3266.96ms, TPOT=0ms, Tokens=1
2026-05-13 02:08:03,553 - INFO - ✓ long_03: TTFT=4977.0ms, TPOT=0ms, Tokens=1
2026-05-13 02:08:10,045 - INFO - ✓ long_04: TTFT=5916.89ms, TPOT=0ms, Tokens=1
2026-05-13 02:08:16,399 - INFO - ✓ long_05: TTFT=5775.22ms, TPOT=0ms, Tokens=1
2026-05-13 02:08:22,774 - INFO - ✓ long_06: TTFT=5796.53ms, TPOT=0ms, Tokens=1
2026-05-13 02:08:29,254 - INFO - ✓ long_07: TTFT=5902.84ms, TPOT=0ms, Tokens=1
2026-05-13 02:08:37,126 - INFO - ✓ long_08: TTFT=6453.59ms, TPOT=20.01ms, Tokens=43
2026-05-13 02:08:44,386 - INFO - ✓ long_09: TTFT=6047.57ms, TPOT=19.85ms, Tokens=33
2026-05-13 02:08:51,398 - INFO - ✓ long_10: TTFT=6445.74ms, TPOT=0ms, Tokens=1
2026-05-13 02:08:51,708 - INFO - Trial 2 saved to /projects/F202500010HPCVLABUMINHO/uminhocp057/ADED/ADED_project2/results/tinyllama-1.1b/trial_2.json
2026-05-13 02:08:51,708 - INFO - 
--- Trial 3/3 ---
2026-05-13 02:08:53,776 - INFO - ✓ short_baseline_01: TTFT=105.84ms, TPOT=17.06ms, Tokens=100
2026-05-13 02:08:56,114 - INFO - ✓ short_02: TTFT=84.91ms, TPOT=17.05ms, Tokens=100
2026-05-13 02:08:56,843 - INFO - ✓ short_03: TTFT=164.79ms, TPOT=0ms, Tokens=1
2026-05-13 02:08:57,612 - INFO - ✓ short_04: TTFT=204.57ms, TPOT=0ms, Tokens=1
2026-05-13 02:08:58,329 - INFO - ✓ short_05: TTFT=143.59ms, TPOT=0ms, Tokens=1
2026-05-13 02:08:59,068 - INFO - ✓ short_06: TTFT=173.38ms, TPOT=0ms, Tokens=1
2026-05-13 02:08:59,756 - INFO - ✓ short_07: TTFT=113.72ms, TPOT=0ms, Tokens=1
2026-05-13 02:09:00,435 - INFO - ✓ short_08: TTFT=113.18ms, TPOT=0ms, Tokens=1
2026-05-13 02:09:02,815 - INFO - ✓ short_09: TTFT=116.17ms, TPOT=17.06ms, Tokens=100
2026-05-13 02:09:03,546 - INFO - ✓ short_10: TTFT=164.59ms, TPOT=0ms, Tokens=1
2026-05-13 02:09:06,035 - INFO - ✓ medium_reasoning_01: TTFT=224.87ms, TPOT=17.14ms, Tokens=100
2026-05-13 02:09:06,906 - INFO - ✓ medium_02: TTFT=305.52ms, TPOT=0ms, Tokens=1
2026-05-13 02:09:09,192 - INFO - ✓ medium_03: TTFT=1183.74ms, TPOT=17.31ms, Tokens=32
2026-05-13 02:09:10,610 - INFO - ✓ medium_04: TTFT=358.16ms, TPOT=17.04ms, Tokens=30
2026-05-13 02:09:11,604 - INFO - ✓ medium_05: TTFT=429.18ms, TPOT=0ms, Tokens=1
2026-05-13 02:09:12,546 - INFO - ✓ medium_06: TTFT=378.47ms, TPOT=0ms, Tokens=1
2026-05-13 02:09:13,672 - INFO - ✓ medium_07: TTFT=562.54ms, TPOT=0ms, Tokens=1
2026-05-13 02:09:14,580 - INFO - ✓ medium_08: TTFT=346.23ms, TPOT=0ms, Tokens=1
2026-05-13 02:09:15,944 - INFO - ✓ medium_09: TTFT=439.53ms, TPOT=17.11ms, Tokens=22
2026-05-13 02:09:16,970 - INFO - ✓ medium_10: TTFT=460.38ms, TPOT=0ms, Tokens=1
2026-05-13 02:09:19,764 - INFO - ✓ long_context_01: TTFT=2230.32ms, TPOT=0ms, Tokens=1
2026-05-13 02:09:23,598 - INFO - ✓ long_02: TTFT=3268.18ms, TPOT=0ms, Tokens=1
2026-05-13 02:09:29,138 - INFO - ✓ long_03: TTFT=4977.4ms, TPOT=0ms, Tokens=1
2026-05-13 02:09:35,620 - INFO - ✓ long_04: TTFT=5916.63ms, TPOT=0ms, Tokens=1
2026-05-13 02:09:42,853 - INFO - ✓ long_05: TTFT=5776.21ms, TPOT=19.83ms, Tokens=46
2026-05-13 02:09:49,216 - INFO - ✓ long_06: TTFT=5798.78ms, TPOT=0ms, Tokens=1
2026-05-13 02:09:55,687 - INFO - ✓ long_07: TTFT=5905.54ms, TPOT=0ms, Tokens=1
2026-05-13 02:10:03,489 - INFO - ✓ long_08: TTFT=6457.51ms, TPOT=19.76ms, Tokens=40
2026-05-13 02:10:10,108 - INFO - ✓ long_09: TTFT=6046.09ms, TPOT=0ms, Tokens=1
2026-05-13 02:10:17,706 - INFO - ✓ long_10: TTFT=6447.12ms, TPOT=19.82ms, Tokens=30
2026-05-13 02:10:18,015 - INFO - Trial 3 saved to /projects/F202500010HPCVLABUMINHO/uminhocp057/ADED/ADED_project2/results/tinyllama-1.1b/trial_3.json
2026-05-13 02:10:18,588 - INFO - Statistics saved to /projects/F202500010HPCVLABUMINHO/uminhocp057/ADED/ADED_project2/results/tinyllama-1.1b/statistics.json and /projects/F202500010HPCVLABUMINHO/uminhocp057/ADED/ADED_project2/results/tinyllama-1.1b/statistics.csv
2026-05-13 02:10:18,590 - INFO - 
✓ Benchmark complete. Results in: /projects/F202500010HPCVLABUMINHO/uminhocp057/ADED/ADED_project2/results/tinyllama-1.1b
